// Jest Snapshot v1, https://goo.gl/fbAQLP

exports[`should render demo and match snapshot 1`] = `
<main>
  <demo-block>
    <wx-view
      class="custom-class demo-block van-clearfix demo-block--padding"
    >
      <wx-view
        class="demo-block__title"
      >
        提示弹窗
      </wx-view>
      <wx-view
        class="demo-block__card"
      >
        <van-cell
          bind:click="onClickAlert"
        >
          <wx-view
            class="custom-class van-cell van-cell--clickable"
            hoverClass="van-cell--hover hover-class"
            hoverStayTime="70"
            style=""
            bind:tap="onClick"
          >
            <wx-view
              class="van-cell__title title-class"
              style=""
            >
              提示弹窗
            </wx-view>
            <wx-view
              class="van-cell__value value-class"
            />
            <van-icon
              class="van-cell__right-icon-wrap right-icon-class"
              customClass="van-cell__right-icon"
            >
              <wx-view
                class="custom-class van-icon van-icon-arrow"
                style=""
                bind:tap="onClick"
              />
            </van-icon>
          </wx-view>
        </van-cell>
        <van-cell
          bind:click="onClickAlert2"
        >
          <wx-view
            class="custom-class van-cell van-cell--clickable"
            hoverClass="van-cell--hover hover-class"
            hoverStayTime="70"
            style=""
            bind:tap="onClick"
          >
            <wx-view
              class="van-cell__title title-class"
              style=""
            >
              提示弹窗（无标题）
            </wx-view>
            <wx-view
              class="van-cell__value value-class"
            />
            <van-icon
              class="van-cell__right-icon-wrap right-icon-class"
              customClass="van-cell__right-icon"
            >
              <wx-view
                class="custom-class van-icon van-icon-arrow"
                style=""
                bind:tap="onClick"
              />
            </van-icon>
          </wx-view>
        </van-cell>
        <van-cell
          bind:click="onClickConfirm"
        >
          <wx-view
            class="custom-class van-cell van-cell--clickable"
            hoverClass="van-cell--hover hover-class"
            hoverStayTime="70"
            style=""
            bind:tap="onClick"
          >
            <wx-view
              class="van-cell__title title-class"
              style=""
            >
              确认弹窗
            </wx-view>
            <wx-view
              class="van-cell__value value-class"
            />
            <van-icon
              class="van-cell__right-icon-wrap right-icon-class"
              customClass="van-cell__right-icon"
            >
              <wx-view
                class="custom-class van-icon van-icon-arrow"
                style=""
                bind:tap="onClick"
              />
            </van-icon>
          </wx-view>
        </van-cell>
      </wx-view>
    </wx-view>
  </demo-block>
  <demo-block>
    <wx-view
      class="custom-class demo-block van-clearfix demo-block--padding"
    >
      <wx-view
        class="demo-block__title"
      >
        圆角按钮样式
      </wx-view>
      <wx-view
        class="demo-block__card"
      >
        <van-cell
          bind:click="onClickThemeAlert"
        >
          <wx-view
            class="custom-class van-cell van-cell--clickable"
            hoverClass="van-cell--hover hover-class"
            hoverStayTime="70"
            style=""
            bind:tap="onClick"
          >
            <wx-view
              class="van-cell__title title-class"
              style=""
            >
              提示弹窗
            </wx-view>
            <wx-view
              class="van-cell__value value-class"
            />
            <van-icon
              class="van-cell__right-icon-wrap right-icon-class"
              customClass="van-cell__right-icon"
            >
              <wx-view
                class="custom-class van-icon van-icon-arrow"
                style=""
                bind:tap="onClick"
              />
            </van-icon>
          </wx-view>
        </van-cell>
        <van-cell
          bind:click="onClickThemeAlert2"
        >
          <wx-view
            class="custom-class van-cell van-cell--clickable"
            hoverClass="van-cell--hover hover-class"
            hoverStayTime="70"
            style=""
            bind:tap="onClick"
          >
            <wx-view
              class="van-cell__title title-class"
              style=""
            >
              提示弹窗（无标题）
            </wx-view>
            <wx-view
              class="van-cell__value value-class"
            />
            <van-icon
              class="van-cell__right-icon-wrap right-icon-class"
              customClass="van-cell__right-icon"
            >
              <wx-view
                class="custom-class van-icon van-icon-arrow"
                style=""
                bind:tap="onClick"
              />
            </van-icon>
          </wx-view>
        </van-cell>
      </wx-view>
    </wx-view>
  </demo-block>
  <demo-block>
    <wx-view
      class="custom-class demo-block van-clearfix demo-block--padding"
    >
      <wx-view
        class="demo-block__title"
      >
        异步关闭
      </wx-view>
      <wx-view
        class="demo-block__card"
      >
        <van-cell
          bind:click="onClickAsyncClose"
        >
          <wx-view
            class="custom-class van-cell"
            hoverClass="van-cell--hover hover-class"
            hoverStayTime="70"
            style=""
            bind:tap="onClick"
          >
            <wx-view
              class="van-cell__title title-class"
              style=""
            >
              异步关闭
            </wx-view>
            <wx-view
              class="van-cell__value value-class"
            />
          </wx-view>
        </van-cell>
      </wx-view>
    </wx-view>
  </demo-block>
  <demo-block>
    <wx-view
      class="custom-class demo-block van-clearfix demo-block--padding"
    >
      <wx-view
        class="demo-block__title"
      >
        组件调用
      </wx-view>
      <wx-view
        class="demo-block__card"
      >
        <van-cell
          bind:click="showCustomDialog"
        >
          <wx-view
            class="custom-class van-cell"
            hoverClass="van-cell--hover hover-class"
            hoverStayTime="70"
            style=""
            bind:tap="onClick"
          >
            <wx-view
              class="van-cell__title title-class"
              style=""
            >
              组件调用
            </wx-view>
            <wx-view
              class="van-cell__value value-class"
            />
          </wx-view>
        </van-cell>
      </wx-view>
    </wx-view>
  </demo-block>
  <van-dialog
    bind:close="onClose"
    bind:getuserinfo="getUserInfo"
  >
    <van-popup
      customClass="van-dialog van-dialog--default "
      bind:close="onClickOverlay"
    >
      <van-overlay
        bind:click="onClickOverlay"
      >
        <van-transition
          customClass="van-overlay"
          bind:tap="onClick"
          catch:touchmove="noop"
        />
      </van-overlay>
    </van-popup>
  </van-dialog>
  <van-dialog>
    <van-popup
      customClass="van-dialog van-dialog--default "
      bind:close="onClickOverlay"
    >
      <van-overlay
        bind:click="onClickOverlay"
      >
        <van-transition
          customClass="van-overlay"
          bind:tap="onClick"
          catch:touchmove="noop"
        />
      </van-overlay>
    </van-popup>
  </van-dialog>
</main>
`;
